Violation: *GLOBAL is null
 - no source -
 - no source -

