Violation: tmp0 is null
 - no source -
 - no source -
 - no source -

