CFG: _Z18abstractMethodCallP3Foo
#0000:	 call: _Z18abstractMethodCallP3Foo((bar.field0))
methodCalls.cpp:25 abstractMethodCall(&bar);

Type: void (struct.Foo.1*)
#0000:	 call: **tmp0(*tmp1)
methodCalls.cpp:16 p->abstractMethod();

