Type: void ()*
#0000:	 call: *FPTR() <exit>
 - no source -

