CFG: _ZN4core3mem13uninitialized1700000000000000000E
#0000:	 noop
 - no source -
#0001:	 return *tmp0 <exit>
 - no source -

CFG: _ZN4core3ptr4null1700000000000000000E
#0000:	 noop
 - no source -
#0001:	 return null <exit>
 - no source -

CFG: _ZN4core3ptr4read1700000000000000000E
#0000:	 assign: *tmp0 = <param 0>
 - no source -
#0001:	 assign: *tmp1 = 0
 - no source -
#0002:	 assign: *tmp2 = *tmp0
 - no source -
#0003:	 assign: *tmp1 = 1
 - no source -
#0004:	 call: tmp3 = _ZN4core3mem13uninitialized1700000000000000000E()
 - no source -
#0005:	 assign: *tmp4 = tmp3
 - no source -
#0006:	 assign: tmp5 = tmp4
 - no source -
#0007:	 assign: tmp6 = *tmp2
 - no source -
#0008:	 call: llvm.memcpy.p0i8.p0i8.i64(tmp5, tmp6, 4, 4, 0)
 - no source -
#0009:	 assign: *tmp1 = 0
 - no source -
#0010:	 return *tmp4 <exit>
 - no source -

CFG: _ZN4drop1700000000000000000E


CFG: _ZN2np5_test1700000000000000000E
#0000:	 noop
 - no source -
#0001:	 call: tmp0 = _ZN4core3ptr4null1700000000000000000E()
np.rs:4 let p: *const i32 = ptr::null();
#0002:	 assign: *tmp1 = tmp0
np.rs:4 let p: *const i32 = ptr::null();
#0003:	 call: tmp2 = _ZN4core3ptr4read1700000000000000000E(*tmp1) <exit>
np.rs:5 std::ptr::read(p);

