Globals:
I -> G_0
Heap:
G_0 -> 0
Path:
#0000:	 assign: *I = 0
assign.c:4 I = 0;
#0001:	 call: tmp0 = dump() <exit>
assign.c:5 dump();

#0000:	 assign: tmp0 = *I != 0
conditions.c:4 if (I);
java.lang.IllegalStateException: Don't know how to get value from BinaryExpression

#0000:	 assign: *tmp0 = p
 - no source -
java.lang.IllegalStateException: Don't know how to get value from Parameter

Path:
#0000:	 call: tmp0 = dump() <exit>
methodExit.c:2 dump();

