CFG: _ZL15testBoolLogicalv
#0000:	 noop: opcode 'LLVMTrunc' not supported
 - no source -
#0001:	 noop: opcode 'LLVMTrunc' not supported <exit>
 - no source -

CFG: <module init>
#0000:	 assign: *_ZL2BR = 0
 - no source -
#0001:	 assign: *_ZL2B0 = 0
 - no source -
#0002:	 assign: *_ZL2B1 = 0 <exit>
 - no source -

