CFG: testImplicitIf
#0000:	 assign: tmp0 = *I != 0
 - no source -
#0001:	 if: tmp0 then #0002:	 else #0003:	
 - no source -
#0002:	 call: foo()
 - no source -
#0003:	 noop <exit>
 - no source -

CFG: testImplicitIfElse
#0000:	 assign: tmp0 = *I != 0
 - no source -
#0001:	 if: tmp0 then #0002:	 else #0003:	
 - no source -
#0002:	 call: foo()
 - no source -
#0004:	 noop <exit>
 - no source -
#0003:	 call: bar() next: #0004:	
 - no source -

CFG: testExplicitIf
#0000:	 assign: tmp0 = *I != 0
 - no source -
#0001:	 if: tmp0 then #0002:	 else #0003:	
 - no source -
#0002:	 call: foo()
 - no source -
#0003:	 noop <exit>
 - no source -

CFG: <module init>
#0000:	 assign: *I = 0
 - no source -
#0001:	 assign: *I_P = null <exit>
 - no source -

