CFG: writeToGlobalInt
#0000:	 assign: *I = 1 <exit>
globals.c:4 I = 1;

CFG: writeToGlobalIntPointer
#0000:	 assign: *I_P = null <exit>
globals.c:8 I_P = 0;

CFG: <module init>
#0000:	 assign: *I = 0
 - no source -
#0001:	 assign: *I_P = null <exit>
 - no source -

