CFG: testWhile
#0000:	 assign: *I = 0
 - no source -
#0001:	 noop
 - no source -
#0002:	 assign: tmp0 = *I < 5
 - no source -
#0003:	 if: tmp0 then #0004:	 else <exit>
 - no source -
#0004:	 call: foo()
 - no source -
#0005:	 assign: tmp1 = *I + 1
 - no source -
#0006:	 assign: *I = tmp1 next: #0001:	
 - no source -

CFG: testDoWhile
#0000:	 assign: *I = 0
 - no source -
#0001:	 noop
 - no source -
#0002:	 call: foo()
 - no source -
#0003:	 assign: tmp0 = *I + 1
 - no source -
#0004:	 assign: *I = tmp0
 - no source -
#0005:	 assign: tmp1 = *I + 1
 - no source -
#0006:	 assign: *I = tmp1
 - no source -
#0007:	 assign: tmp2 = *I != 0
 - no source -
#0008:	 if: tmp2 then #0001:	 else <exit>
 - no source -

CFG: testFor
#0000:	 assign: *I = 0
 - no source -
#0001:	 noop
 - no source -
#0002:	 assign: tmp0 = *I < 5
 - no source -
#0003:	 if: tmp0 then #0004:	 else <exit>
 - no source -
#0004:	 call: foo()
 - no source -
#0005:	 assign: tmp1 = *I + 1
 - no source -
#0006:	 assign: *I = tmp1 next: #0001:	
 - no source -

CFG: <module init>
#0000:	 assign: *I = 0 <exit>
 - no source -

