Violation: *GPBOOL is null
conditions.cpp:4 GPBOOL = 0;
conditions.cpp:5 if (*GPBOOL);

#0000:	 assign: tmp0 = *GPBOOL != null
conditions.cpp:9 if (GPBOOL);
java.lang.IllegalStateException: Don't know how to get value from BinaryExpression

