CFG: -[MyObject useSelf]
#0000:	 assign: *tmp0 = self
 - no source -
#0001:	 assign: *tmp1 = _cmd
 - no source -
#0002:	 assign: tmp2 = *tmp0
messages.m:8 [self foo];
#0003:	 call: tmp3 = objc_msgSend(tmp2, *OBJC_SELECTOR_REFERENCES_) <exit>
messages.m:8 [self foo];

CFG: -[MyChild foo]
#0000:	 assign: *tmp0 = self
 - no source -
#0001:	 assign: *tmp1 = _cmd
 - no source -
#0002:	 assign: tmp2 = *tmp0
messages.m:17 [super foo];
#0003:	 assign: *(tmp3.field0) = tmp2
messages.m:17 [super foo];
#0004:	 assign: tmp4 = *OBJC_CLASSLIST_SUP_REFS_$_
messages.m:17 [super foo];
#0005:	 assign: *(tmp3.field1) = tmp4
messages.m:17 [super foo];
#0006:	 call: tmp5 = objc_msgSendSuper2(tmp3, *OBJC_SELECTOR_REFERENCES_) <exit>
messages.m:17 [super foo];

CFG: testNew
#0000:	 assign: tmp0 = *OBJC_CLASSLIST_REFERENCES_$_
messages.m:24 OBJ = [MyObject new];
#0001:	 call: tmp1 = objc_msgSend(tmp0, *OBJC_SELECTOR_REFERENCES_.4)
messages.m:24 OBJ = [MyObject new];
#0002:	 assign: tmp2 = tmp1
messages.m:24 OBJ = [MyObject new];
#0003:	 assign: *OBJ = tmp2 <exit>
messages.m:24 OBJ = [MyObject new];

CFG: testAllocInit
#0000:	 assign: tmp0 = *OBJC_CLASSLIST_REFERENCES_$_
messages.m:28 OBJ = [[MyObject alloc] init];
#0001:	 call: tmp1 = objc_msgSend(tmp0, *OBJC_SELECTOR_REFERENCES_.6)
messages.m:28 OBJ = [[MyObject alloc] init];
#0002:	 call: tmp2 = objc_msgSend(tmp1, *OBJC_SELECTOR_REFERENCES_.8)
messages.m:28 OBJ = [[MyObject alloc] init];
#0003:	 assign: tmp3 = tmp2
messages.m:28 OBJ = [[MyObject alloc] init];
#0004:	 assign: *OBJ = tmp3 <exit>
messages.m:28 OBJ = [[MyObject alloc] init];

CFG: <module init>
#0000:	 assign: *OBJC_METH_VAR_NAME_ = "foo"
 - no source -
#0001:	 assign: *OBJC_SELECTOR_REFERENCES_ = OBJC_METH_VAR_NAME_
 - no source -
#0002:	 assign: *(*OBJC_CLASS_$_MyObject.field0) = OBJC_METACLASS_$_MyObject
 - no source -
#0003:	 assign: *(*OBJC_METACLASS_$_MyObject.field0) = OBJC_METACLASS_$_MyObject
 - no source -
#0004:	 assign: *OBJC_CLASS_NAME_ = "MyObject"
 - no source -
#0005:	 assign: *(*l_OBJC_METACLASS_RO_$_MyObject.field0) = 3
 - no source -
#0006:	 assign: *OBJC_METH_VAR_NAME_.1 = "useSelf"
 - no source -
#0007:	 assign: *OBJC_METH_VAR_TYPE_ = "v16@0:8"
 - no source -
#0008:	 assign: *(*l_OBJC_CLASS_RO_$_MyObject.field0) = 2
 - no source -
#0009:	 assign: *(*OBJC_CLASS_$_MyChild.field0) = OBJC_METACLASS_$_MyChild
 - no source -
#0010:	 assign: *OBJC_CLASSLIST_SUP_REFS_$_ = OBJC_CLASS_$_MyChild
 - no source -
#0011:	 assign: *OBJC_CLASS_NAME_.2 = "MyChild"
 - no source -
#0012:	 assign: *(*l_OBJC_METACLASS_RO_$_MyChild.field0) = 1
 - no source -
#0013:	 assign: *(*OBJC_METACLASS_$_MyChild.field0) = OBJC_METACLASS_$_MyObject
 - no source -
#0014:	 assign: *(*l_OBJC_CLASS_RO_$_MyChild.field0) = 0
 - no source -
#0015:	 assign: *OBJC_CLASSLIST_REFERENCES_$_ = OBJC_CLASS_$_MyObject
 - no source -
#0016:	 assign: *OBJC_METH_VAR_NAME_.3 = "new"
 - no source -
#0017:	 assign: *OBJC_SELECTOR_REFERENCES_.4 = OBJC_METH_VAR_NAME_.3
 - no source -
#0018:	 assign: *OBJ = null
 - no source -
#0019:	 assign: *OBJC_METH_VAR_NAME_.5 = "alloc"
 - no source -
#0020:	 assign: *OBJC_SELECTOR_REFERENCES_.6 = OBJC_METH_VAR_NAME_.5
 - no source -
#0021:	 assign: *OBJC_METH_VAR_NAME_.7 = "init"
 - no source -
#0022:	 assign: *OBJC_SELECTOR_REFERENCES_.8 = OBJC_METH_VAR_NAME_.7
 - no source -
#0023:	 assign: **OBJC_LABEL_CLASS_$ = OBJC_CLASS_$_MyObject
 - no source -
#0024:	 assign: **llvm.compiler.used = OBJC_METH_VAR_NAME_
 - no source -
#0025:	 assign: *(*llvm.compiler.used+1) = OBJC_SELECTOR_REFERENCES_
 - no source -
#0026:	 assign: *(*llvm.compiler.used+2) = OBJC_CLASS_NAME_
 - no source -
#0027:	 assign: *(*llvm.compiler.used+3) = OBJC_METH_VAR_NAME_.1
 - no source -
#0028:	 assign: *(*llvm.compiler.used+4) = OBJC_METH_VAR_TYPE_
 - no source -
#0029:	 assign: *(*llvm.compiler.used+5) = l_OBJC_$_INSTANCE_METHODS_MyObject
 - no source -
#0030:	 assign: *(*llvm.compiler.used+6) = OBJC_CLASSLIST_SUP_REFS_$_
 - no source -
#0031:	 assign: *(*llvm.compiler.used+7) = OBJC_CLASS_NAME_.2
 - no source -
#0032:	 assign: *(*llvm.compiler.used+8) = l_OBJC_$_INSTANCE_METHODS_MyChild
 - no source -
#0033:	 assign: *(*llvm.compiler.used+9) = OBJC_CLASSLIST_REFERENCES_$_
 - no source -
#0034:	 assign: *(*llvm.compiler.used+10) = OBJC_METH_VAR_NAME_.3
 - no source -
#0035:	 assign: *(*llvm.compiler.used+11) = OBJC_SELECTOR_REFERENCES_.4
 - no source -
#0036:	 assign: *(*llvm.compiler.used+12) = OBJC_METH_VAR_NAME_.5
 - no source -
#0037:	 assign: *(*llvm.compiler.used+13) = OBJC_SELECTOR_REFERENCES_.6
 - no source -
#0038:	 assign: *(*llvm.compiler.used+14) = OBJC_METH_VAR_NAME_.7
 - no source -
#0039:	 assign: *(*llvm.compiler.used+15) = OBJC_SELECTOR_REFERENCES_.8
 - no source -
#0040:	 assign: *(*llvm.compiler.used+16) = OBJC_LABEL_CLASS_$ <exit>
 - no source -

