CFG: _ZL15testBoolLogicalv
#0000:	 if: *_ZL2B0 then #0001:	 else #0002:
boolean.cpp:4 BR = B0 && B1;
#0001:	 assign: tmp0 = *_ZL2B1
 - no source -
#0003:	 noop
 - no source -
#0004:	 assign: *_ZL2BR = tmp0
boolean.cpp:4 BR = B0 && B1;
#0005:	 if: *_ZL2B0 then #0006:	 else #0007:
boolean.cpp:5 BR = B0 || B1;
#0006:	 assign: tmp1 = -1
 - no source -
#0008:	 noop
 - no source -
#0009:	 assign: *_ZL2BR = tmp1
boolean.cpp:5 BR = B0 || B1;
#0010:	 return <exit>
boolean.cpp:6 }
#0007:	 assign: tmp1 = *_ZL2B1 next: #0008:
 - no source -
#0002:	 assign: tmp0 = 0 next: #0003:
 - no source -

CFG: <module init>
#0000:	 assign: *_ZL2BR = 0
 - no source -
#0001:	 assign: *_ZL2B0 = 0
 - no source -
#0002:	 assign: *_ZL2B1 = 0 <exit>
 - no source -

