CFG: takeAddress
#0000:	 assign: *FPTR = @function
functionPointers.c:6 FPTR = function;
#0001:	 assign: *FPTR = @function
functionPointers.c:7 FPTR = &function;
#0002:	 return <exit>
functionPointers.c:8 }

CFG: callFromPointer
#0000:	 call: *FPTR()
functionPointers.c:11 FPTR();
#0001:	 return <exit>
functionPointers.c:12 }

CFG: <module init>
#0000:	 assign: *FPTR = null <exit>
 - no source -

