CFG: writeToGlobalInt
#0000:	 assign: *I = 1
globals.c:4 I = 1;
#0001:	 return <exit>
globals.c:5 }

CFG: writeToGlobalIntPointer
#0000:	 assign: *I_P = null
globals.c:8 I_P = 0;
#0001:	 return <exit>
globals.c:9 }

CFG: <module init>
#0000:	 assign: *I = 0
 - no source -
#0001:	 assign: *I_P = null <exit>
 - no source -

