CFG: labelBeforeGoTo
#0000:	 noop next: #0000:
 - no source -

CFG: conditionalBreak
#0000:	 alloc: i
infiniteLoops.c:7 for (int i = 0; ; ++i) {
#0001:	 assign: *i = 0
infiniteLoops.c:7 for (int i = 0; ; ++i) {
#0002:	 noop
 - no source -
#0003:	 assign: tmp0 = *i >= 10
infiniteLoops.c:8 if (i >= 10) {
#0004:	 if: tmp0 then #0005:	 else #0006:
infiniteLoops.c:8 if (i >= 10) {
#0005:	 return <exit>
infiniteLoops.c:12 }
#0006:	 assign: tmp1 = *i + 1
infiniteLoops.c:7 for (int i = 0; ; ++i) {
#0007:	 assign: *i = tmp1 next: #0002:
infiniteLoops.c:7 for (int i = 0; ; ++i) {

