CFG: localUndefined
#0000:	 alloc: i
 - no source -
#0001:	 return <exit>
locals.c:3 }

CFG: localLateDefinition
#0000:	 alloc: i
 - no source -
#0001:	 assign: *i = 1
locals.c:7 i = 1;
#0002:	 return <exit>
locals.c:8 }

CFG: localInstaDefinition
#0000:	 alloc: i
 - no source -
#0001:	 assign: *i = 1
locals.c:11 int i = 1;
#0002:	 return <exit>
locals.c:12 }

CFG: addressOf
#0000:	 alloc: i
 - no source -
#0001:	 alloc: pi
 - no source -
#0002:	 assign: *pi = i
locals.c:16 int *pi = &i;
#0003:	 return <exit>
locals.c:17 }

