CFG: _Z18instanceMethodCallP3Foo
#0000:	 assign: *tmp0 = p
 - no source -
#0001:	 call: _ZN3Foo14instanceMethodEv(*tmp0)
methodCalls.cpp:8 p->instanceMethod();
#0002:	 return <exit>
methodCalls.cpp:9 }

CFG: _Z16staticMethodCallv
#0000:	 call: _ZN3Foo12staticMethodEv()
methodCalls.cpp:12 Foo::staticMethod();
#0001:	 return <exit>
methodCalls.cpp:13 }

CFG: _Z18abstractMethodCallP3Foo
#0000:	 assign: *tmp0 = p
 - no source -
#0001:	 assign: tmp1 = *tmp0
methodCalls.cpp:16 p->abstractMethod();
#0002:	 call: **tmp1(*tmp0)
methodCalls.cpp:16 p->abstractMethod();
#0003:	 return <exit>
methodCalls.cpp:17 }

CFG: _Z7testBarv
#0000:	 call: _Z18abstractMethodCallP3Foo((bar.field0))
methodCalls.cpp:25 abstractMethodCall(&bar);
#0001:	 return <exit>
methodCalls.cpp:26 }

