CFG: _Z18instanceMethodCallP3Foo
#0000:	 assign: *tmp0 = 
 - no source -
#0001:	 call: _ZN3Foo14instanceMethodEv(*tmp0) <exit>
methodCalls.cpp:8 p->instanceMethod();

CFG: _Z16staticMethodCallv
#0000:	 call: _ZN3Foo12staticMethodEv() <exit>
methodCalls.cpp:12 Foo::staticMethod();

CFG: _Z18abstractMethodCallP3Foo
#0000:	 assign: *tmp0 = 
 - no source -
#0001:	 assign: tmp1 = *tmp0
methodCalls.cpp:16 p->abstractMethod();
#0002:	 call: **tmp1(*tmp0) <exit>
methodCalls.cpp:16 p->abstractMethod();

CFG: _Z7testBarv
#0000:	 call: _Z18abstractMethodCallP3Foo((bar.field0)) <exit>
methodCalls.cpp:25 abstractMethodCall(&bar);

