CFG: addressOf
#0000:	 assign: *I_P = I
unary.c:4 I_P = &I;
#0001:	 return <exit>
unary.c:5 }

CFG: deref
#0000:	 assign: **I_P = *I
unary.c:8 *I_P = I;
#0001:	 return <exit>
unary.c:9 }

CFG: <module init>
#0000:	 assign: *I = 0
 - no source -
#0001:	 assign: *I_P = null <exit>
 - no source -

