Type: void (int8*)*
#0000:	 call: tmp0(tmp1) <exit>
blocks.m:12 SIMPLE();

