CFG: top_level_code


CFG: _TF4main10testVarLetFT_T_
#0000:	 assign: *(tmp0.field0) = 42
simpleValues.swift:2 var myVariable = 42
#0001:	 assign: *(tmp0.field0) = 50
simpleValues.swift:3 myVariable = 50
#0002:	 assign: *tmp1 = 42 <exit>
simpleValues.swift:4 let myConstant = 42

CFG: _TF4main20testImplicitExplicitFT_T_
#0000:	 assign: *tmp0 = 70
simpleValues.swift:8 let implicitInteger = 70
#0001:	 assign: *tmp1 = 70.0
simpleValues.swift:9 let implicitDouble = 70.0
#0002:	 assign: *tmp2 = 70.0 <exit>
simpleValues.swift:10 let explicitDouble: Double = 70

CFG: _TF4main10testStringFT_T_
#0000:	 call: tmp0 = _TFSSCfMSSFT21_builtinStringLiteralBp8byteSizeBw7isASCIIBi1__SS(global0, 13, -1)
simpleValues.swift:14 let label = "The width is "
#0001:	 assign: *(tmp1.field0) = (tmp0.field0)
simpleValues.swift:14 let label = "The width is "
#0002:	 assign: *(tmp1.field1) = (tmp0.field0)
simpleValues.swift:14 let label = "The width is "
#0003:	 assign: *(tmp1.field2) = (tmp0.field0)
simpleValues.swift:14 let label = "The width is "
#0004:	 assign: *tmp2 = 94
simpleValues.swift:15 let width = 94
#0005:	 noop: opcode 'LLVMIntToPtr' not supported
simpleValues.swift:16 let widthLabel = label + String(width)
#0006:	 noop: opcode 'LLVMIntToPtr' not supported
simpleValues.swift:16 let widthLabel = label + String(width)
#0007:	 assign: *(tmp3.field0) = 94
simpleValues.swift:16 let widthLabel = label + String(width)
#0008:	 assign: tmp4 = tmp3
simpleValues.swift:16 let widthLabel = label + String(width)
#0009:	 call: tmp5 = _TFSSCfMSSUSs18_SignedIntegerType_USs33_BuiltinIntegerLiteralConvertible__FQ_SS(tmp4, (_TMdSi.field1), _TWPSiSs18_SignedIntegerType, (_TMdSi.field1), _TWPSiSs33_BuiltinIntegerLiteralConvertible)
simpleValues.swift:16 let widthLabel = label + String(width)
#0010:	 call: tmp6 = _TFSsoi1pFTSSSS_SS((tmp0.field0), (tmp0.field0), (tmp0.field0), (tmp5.field0), (tmp5.field0), (tmp5.field0))
simpleValues.swift:16 let widthLabel = label + String(width)
#0011:	 assign: *(tmp7.field0) = (tmp6.field0)
simpleValues.swift:16 let widthLabel = label + String(width)
#0012:	 assign: *(tmp7.field1) = (tmp6.field0)
simpleValues.swift:16 let widthLabel = label + String(width)
#0013:	 assign: *(tmp7.field2) = (tmp6.field0)
simpleValues.swift:16 let widthLabel = label + String(width)
#0014:	 assign: *tmp8 = 3
simpleValues.swift:18 let apples = 3
#0015:	 assign: *tmp9 = 5
simpleValues.swift:19 let oranges = 5
#0016:	 call: tmp10 = _TFSSCfMSSFT21_builtinStringLiteralBp8byteSizeBw7isASCIIBi1__SS(global1, 7, -1)
simpleValues.swift:20 let appleSummary = "I have \(apples) apples."
#0017:	 call: tmp11 = _TFSS37convertFromStringInterpolationSegmentfMSSFSSSS((tmp10.field0), (tmp10.field0), (tmp10.field0))
simpleValues.swift:20 let appleSummary = "I have \(apples) apples."
#0018:	 call: tmp12 = _TFSS37convertFromStringInterpolationSegmentfMSSFSiSS(3)
simpleValues.swift:20 let appleSummary = "I have \(apples) apples."
#0019:	 call: tmp13 = _TFSSCfMSSFT21_builtinStringLiteralBp8byteSizeBw7isASCIIBi1__SS(global2, 8, -1)
simpleValues.swift:20 let appleSummary = "I have \(apples) apples."
#0020:	 call: tmp14 = _TFSS37convertFromStringInterpolationSegmentfMSSFSSSS((tmp13.field0), (tmp13.field0), (tmp13.field0))
simpleValues.swift:20 let appleSummary = "I have \(apples) apples."
#0021:	 call: tmp15 = swift_allocObject((metadata.field2), 96, 7)
simpleValues.swift:20 let appleSummary = "I have \(apples) apples."
#0022:	 assign: tmp16 = (tmp15+1)
simpleValues.swift:20 let appleSummary = "I have \(apples) apples."
#0023:	 assign: *tmp16 = 3
simpleValues.swift:20 let appleSummary = "I have \(apples) apples."
#0024:	 assign: tmp17 = tmp15
simpleValues.swift:20 let appleSummary = "I have \(apples) apples."
#0025:	 assign: tmp18 = (tmp17+24)
simpleValues.swift:20 let appleSummary = "I have \(apples) apples."
#0026:	 assign: tmp19 = tmp18
simpleValues.swift:20 let appleSummary = "I have \(apples) apples."
#0027:	 call: llvm.memset.p0i8.i64(tmp19, 0, 72, 8, 0)
simpleValues.swift:20 let appleSummary = "I have \(apples) apples."
#0028:	 noop: can't index (((tmp0.field0).field0).field0) by 0
simpleValues.swift:20 let appleSummary = "I have \(apples) apples."
#0029:	 noop: bad
simpleValues.swift:20 let appleSummary = "I have \(apples) apples."
#0030:	 noop: bad
simpleValues.swift:20 let appleSummary = "I have \(apples) apples."
#0031:	 assign: *tmp20 = (tmp11.field0)
simpleValues.swift:20 let appleSummary = "I have \(apples) apples."
#0032:	 noop: can't index ((((tmp0+1).field0).field0).field0) by 0
simpleValues.swift:20 let appleSummary = "I have \(apples) apples."
#0033:	 noop: can't index (((((tmp0+1).field0).field0).field0)+1) by 0
simpleValues.swift:20 let appleSummary = "I have \(apples) apples."
#0034:	 assign: tmp21 = (((((tmp18+1).field0).field0).field0)+2)
simpleValues.swift:20 let appleSummary = "I have \(apples) apples."
#0035:	 assign: *tmp21 = (tmp12.field0)
simpleValues.swift:20 let appleSummary = "I have \(apples) apples."
#0036:	 noop: can't index ((((tmp0+2).field0).field0).field0) by 0
simpleValues.swift:20 let appleSummary = "I have \(apples) apples."
#0037:	 noop: can't index (((((tmp0+2).field0).field0).field0)+1) by 0
simpleValues.swift:20 let appleSummary = "I have \(apples) apples."
#0038:	 assign: tmp22 = (((((tmp18+2).field0).field0).field0)+2)
simpleValues.swift:20 let appleSummary = "I have \(apples) apples."
#0039:	 assign: *tmp22 = (tmp14.field0)
simpleValues.swift:20 let appleSummary = "I have \(apples) apples."
#0040:	 assign: tmp23 = tmp18
simpleValues.swift:20 let appleSummary = "I have \(apples) apples."
#0041:	 call: tmp24 = _TFSa20convertFromHeapArrayU__fMGSaQ__FTBp5ownerBo5countBw_GSaQ__(tmp23, tmp15, 3, (_TMdSS.field1))
simpleValues.swift:20 let appleSummary = "I have \(apples) apples."
#0042:	 call: tmp25 = _TFSS30convertFromStringInterpolationfMSSFtGSaSS__SS(tmp24)
simpleValues.swift:20 let appleSummary = "I have \(apples) apples."
#0043:	 assign: *(tmp26.field0) = (tmp25.field0)
simpleValues.swift:20 let appleSummary = "I have \(apples) apples."
#0044:	 assign: *(tmp26.field1) = (tmp25.field0)
simpleValues.swift:20 let appleSummary = "I have \(apples) apples."
#0045:	 assign: *(tmp26.field2) = (tmp25.field0)
simpleValues.swift:20 let appleSummary = "I have \(apples) apples."
#0046:	 call: tmp27 = _TFSSCfMSSFT21_builtinStringLiteralBp8byteSizeBw7isASCIIBi1__SS(global3, 7, -1)
simpleValues.swift:21 let fruitSummary = "I have \(apples + oranges) pieces of fruit."
#0047:	 call: tmp28 = _TFSS37convertFromStringInterpolationSegmentfMSSFSSSS((tmp27.field0), (tmp27.field0), (tmp27.field0))
simpleValues.swift:21 let fruitSummary = "I have \(apples + oranges) pieces of fruit."
#0048:	 call: tmp29 = _TFSS37convertFromStringInterpolationSegmentfMSSFSiSS(8)
simpleValues.swift:21 let fruitSummary = "I have \(apples + oranges) pieces of fruit."
#0049:	 call: tmp30 = _TFSSCfMSSFT21_builtinStringLiteralBp8byteSizeBw7isASCIIBi1__SS(global4, 17, -1)
simpleValues.swift:21 let fruitSummary = "I have \(apples + oranges) pieces of fruit."
#0050:	 call: tmp31 = _TFSS37convertFromStringInterpolationSegmentfMSSFSSSS((tmp30.field0), (tmp30.field0), (tmp30.field0))
simpleValues.swift:21 let fruitSummary = "I have \(apples + oranges) pieces of fruit."
#0051:	 call: tmp32 = swift_allocObject((metadata2.field2), 96, 7)
simpleValues.swift:21 let fruitSummary = "I have \(apples + oranges) pieces of fruit."
#0052:	 assign: tmp33 = (tmp32+1)
simpleValues.swift:21 let fruitSummary = "I have \(apples + oranges) pieces of fruit."
#0053:	 assign: *tmp33 = 3
simpleValues.swift:21 let fruitSummary = "I have \(apples + oranges) pieces of fruit."
#0054:	 assign: tmp34 = tmp32
simpleValues.swift:21 let fruitSummary = "I have \(apples + oranges) pieces of fruit."
#0055:	 assign: tmp35 = (tmp34+24)
simpleValues.swift:21 let fruitSummary = "I have \(apples + oranges) pieces of fruit."
#0056:	 assign: tmp36 = tmp35
simpleValues.swift:21 let fruitSummary = "I have \(apples + oranges) pieces of fruit."
#0057:	 call: llvm.memset.p0i8.i64(tmp36, 0, 72, 8, 0)
simpleValues.swift:21 let fruitSummary = "I have \(apples + oranges) pieces of fruit."
#0058:	 noop: can't index (((tmp0.field0).field0).field0) by 0
simpleValues.swift:21 let fruitSummary = "I have \(apples + oranges) pieces of fruit."
#0059:	 noop: bad
simpleValues.swift:21 let fruitSummary = "I have \(apples + oranges) pieces of fruit."
#0060:	 noop: bad
simpleValues.swift:21 let fruitSummary = "I have \(apples + oranges) pieces of fruit."
#0061:	 assign: *tmp37 = (tmp28.field0)
simpleValues.swift:21 let fruitSummary = "I have \(apples + oranges) pieces of fruit."
#0062:	 noop: can't index ((((tmp0+1).field0).field0).field0) by 0
simpleValues.swift:21 let fruitSummary = "I have \(apples + oranges) pieces of fruit."
#0063:	 noop: can't index (((((tmp0+1).field0).field0).field0)+1) by 0
simpleValues.swift:21 let fruitSummary = "I have \(apples + oranges) pieces of fruit."
#0064:	 assign: tmp38 = (((((tmp35+1).field0).field0).field0)+2)
simpleValues.swift:21 let fruitSummary = "I have \(apples + oranges) pieces of fruit."
#0065:	 assign: *tmp38 = (tmp29.field0)
simpleValues.swift:21 let fruitSummary = "I have \(apples + oranges) pieces of fruit."
#0066:	 noop: can't index ((((tmp0+2).field0).field0).field0) by 0
simpleValues.swift:21 let fruitSummary = "I have \(apples + oranges) pieces of fruit."
#0067:	 noop: can't index (((((tmp0+2).field0).field0).field0)+1) by 0
simpleValues.swift:21 let fruitSummary = "I have \(apples + oranges) pieces of fruit."
#0068:	 assign: tmp39 = (((((tmp35+2).field0).field0).field0)+2)
simpleValues.swift:21 let fruitSummary = "I have \(apples + oranges) pieces of fruit."
#0069:	 assign: *tmp39 = (tmp31.field0)
simpleValues.swift:21 let fruitSummary = "I have \(apples + oranges) pieces of fruit."
#0070:	 assign: tmp40 = tmp35
simpleValues.swift:21 let fruitSummary = "I have \(apples + oranges) pieces of fruit."
#0071:	 call: tmp41 = _TFSa20convertFromHeapArrayU__fMGSaQ__FTBp5ownerBo5countBw_GSaQ__(tmp40, tmp32, 3, (_TMdSS.field1))
simpleValues.swift:21 let fruitSummary = "I have \(apples + oranges) pieces of fruit."
#0072:	 call: tmp42 = _TFSS30convertFromStringInterpolationfMSSFtGSaSS__SS(tmp41)
simpleValues.swift:21 let fruitSummary = "I have \(apples + oranges) pieces of fruit."
#0073:	 assign: *(tmp43.field0) = (tmp42.field0)
simpleValues.swift:21 let fruitSummary = "I have \(apples + oranges) pieces of fruit."
#0074:	 assign: *(tmp43.field1) = (tmp42.field0)
simpleValues.swift:21 let fruitSummary = "I have \(apples + oranges) pieces of fruit."
#0075:	 assign: *(tmp43.field2) = (tmp42.field0)
simpleValues.swift:21 let fruitSummary = "I have \(apples + oranges) pieces of fruit."
#0076:	 noop: opcode 'LLVMIntToPtr' not supported
simpleValues.swift:21 let fruitSummary = "I have \(apples + oranges) pieces of fruit."
#0077:	 noop: opcode 'LLVMIntToPtr' not supported
simpleValues.swift:21 let fruitSummary = "I have \(apples + oranges) pieces of fruit."
#0078:	 noop: opcode 'LLVMIntToPtr' not supported
simpleValues.swift:21 let fruitSummary = "I have \(apples + oranges) pieces of fruit."
#0079:	 noop: opcode 'LLVMIntToPtr' not supported
simpleValues.swift:21 let fruitSummary = "I have \(apples + oranges) pieces of fruit."
#0080:	 noop: opcode 'LLVMIntToPtr' not supported
simpleValues.swift:21 let fruitSummary = "I have \(apples + oranges) pieces of fruit."
#0081:	 noop: opcode 'LLVMIntToPtr' not supported
simpleValues.swift:21 let fruitSummary = "I have \(apples + oranges) pieces of fruit."
#0082:	 noop: opcode 'LLVMIntToPtr' not supported
simpleValues.swift:21 let fruitSummary = "I have \(apples + oranges) pieces of fruit."
#0083:	 noop: opcode 'LLVMIntToPtr' not supported <exit>
simpleValues.swift:21 let fruitSummary = "I have \(apples + oranges) pieces of fruit."

CFG: arraydestroy
#0000:	 assign: tmp0 = (+1)
 - no source -
#0001:	 assign: tmp1 = 
 - no source -
#0002:	 assign: tmp2 = (tmp1+24)
 - no source -
#0003:	 assign: tmp3 = tmp2 == (tmp2+*tmp0)
 - no source -
#0004:	 if: tmp3 then #0005:	 else #0006:	
 - no source -
#0005:	 noop
 - no source -
#0007:	 assign: tmp4 = *tmp0 * 24
 - no source -
#0008:	 assign: tmp5 = tmp4 + 24
 - no source -
#0009:	 call: swift_deallocObject(, tmp5, 7) <exit>
 - no source -
#0006:	 noop
 - no source -
#0010:	 noop: opcode 'LLVMPHI' not supported
 - no source -
#0011:	 noop: opcode 'LLVMPHI' not supported
 - no source -
#0012:	 call: swift_unknownRelease(*tmp6)
 - no source -
#0013:	 noop: opcode 'LLVMPHI' not supported
 - no source -
#0014:	 if: tmp7 then #0005:	 else #0006:	
 - no source -

CFG: arraydestroy1
#0000:	 assign: tmp0 = (+1)
 - no source -
#0001:	 assign: tmp1 = 
 - no source -
#0002:	 assign: tmp2 = (tmp1+24)
 - no source -
#0003:	 assign: tmp3 = tmp2 == (tmp2+*tmp0)
 - no source -
#0004:	 if: tmp3 then #0005:	 else #0006:	
 - no source -
#0005:	 noop
 - no source -
#0007:	 assign: tmp4 = *tmp0 * 24
 - no source -
#0008:	 assign: tmp5 = tmp4 + 24
 - no source -
#0009:	 call: swift_deallocObject(, tmp5, 7) <exit>
 - no source -
#0006:	 noop
 - no source -
#0010:	 noop: opcode 'LLVMPHI' not supported
 - no source -
#0011:	 noop: opcode 'LLVMPHI' not supported
 - no source -
#0012:	 call: swift_unknownRelease(*tmp6)
 - no source -
#0013:	 noop: opcode 'LLVMPHI' not supported
 - no source -
#0014:	 if: tmp7 then #0005:	 else #0006:	
 - no source -

CFG: _TF4main22testArraysDictionariesFT_T_
#0000:	 call: tmp0 = _TFSSCfMSSFT21_builtinStringLiteralBp8byteSizeBw7isASCIIBi1__SS(global5, 7, -1)
simpleValues.swift:25 var shoppingList = ["catfish", "water", "tulips", "blue paint"]
#0001:	 call: tmp1 = _TFSSCfMSSFT21_builtinStringLiteralBp8byteSizeBw7isASCIIBi1__SS(global6, 5, -1)
simpleValues.swift:25 var shoppingList = ["catfish", "water", "tulips", "blue paint"]
#0002:	 call: tmp2 = _TFSSCfMSSFT21_builtinStringLiteralBp8byteSizeBw7isASCIIBi1__SS(global7, 6, -1)
simpleValues.swift:25 var shoppingList = ["catfish", "water", "tulips", "blue paint"]
#0003:	 call: tmp3 = _TFSSCfMSSFT21_builtinStringLiteralBp8byteSizeBw7isASCIIBi1__SS(global8, 10, -1)
simpleValues.swift:25 var shoppingList = ["catfish", "water", "tulips", "blue paint"]
#0004:	 call: tmp4 = swift_allocObject((metadata4.field2), 120, 7)
simpleValues.swift:25 var shoppingList = ["catfish", "water", "tulips", "blue paint"]
#0005:	 assign: tmp5 = (tmp4+1)
simpleValues.swift:25 var shoppingList = ["catfish", "water", "tulips", "blue paint"]
#0006:	 assign: *tmp5 = 4
simpleValues.swift:25 var shoppingList = ["catfish", "water", "tulips", "blue paint"]
#0007:	 assign: tmp6 = tmp4
simpleValues.swift:25 var shoppingList = ["catfish", "water", "tulips", "blue paint"]
#0008:	 assign: tmp7 = (tmp6+24)
simpleValues.swift:25 var shoppingList = ["catfish", "water", "tulips", "blue paint"]
#0009:	 assign: tmp8 = tmp7
simpleValues.swift:25 var shoppingList = ["catfish", "water", "tulips", "blue paint"]
#0010:	 call: llvm.memset.p0i8.i64(tmp8, 0, 96, 8, 0)
simpleValues.swift:25 var shoppingList = ["catfish", "water", "tulips", "blue paint"]
#0011:	 noop: can't index (((tmp0.field0).field0).field0) by 0
simpleValues.swift:25 var shoppingList = ["catfish", "water", "tulips", "blue paint"]
#0012:	 noop: bad
simpleValues.swift:25 var shoppingList = ["catfish", "water", "tulips", "blue paint"]
#0013:	 noop: bad
simpleValues.swift:25 var shoppingList = ["catfish", "water", "tulips", "blue paint"]
#0014:	 assign: *tmp9 = (tmp0.field0)
simpleValues.swift:25 var shoppingList = ["catfish", "water", "tulips", "blue paint"]
#0015:	 noop: can't index ((((tmp0+1).field0).field0).field0) by 0
simpleValues.swift:25 var shoppingList = ["catfish", "water", "tulips", "blue paint"]
#0016:	 noop: can't index (((((tmp0+1).field0).field0).field0)+1) by 0
simpleValues.swift:25 var shoppingList = ["catfish", "water", "tulips", "blue paint"]
#0017:	 assign: tmp10 = (((((tmp7+1).field0).field0).field0)+2)
simpleValues.swift:25 var shoppingList = ["catfish", "water", "tulips", "blue paint"]
#0018:	 assign: *tmp10 = (tmp1.field0)
simpleValues.swift:25 var shoppingList = ["catfish", "water", "tulips", "blue paint"]
#0019:	 noop: can't index ((((tmp0+2).field0).field0).field0) by 0
simpleValues.swift:25 var shoppingList = ["catfish", "water", "tulips", "blue paint"]
#0020:	 noop: can't index (((((tmp0+2).field0).field0).field0)+1) by 0
simpleValues.swift:25 var shoppingList = ["catfish", "water", "tulips", "blue paint"]
#0021:	 assign: tmp11 = (((((tmp7+2).field0).field0).field0)+2)
simpleValues.swift:25 var shoppingList = ["catfish", "water", "tulips", "blue paint"]
#0022:	 assign: *tmp11 = (tmp2.field0)
simpleValues.swift:25 var shoppingList = ["catfish", "water", "tulips", "blue paint"]
#0023:	 noop: can't index ((((tmp0+3).field0).field0).field0) by 0
simpleValues.swift:25 var shoppingList = ["catfish", "water", "tulips", "blue paint"]
#0024:	 noop: can't index (((((tmp0+3).field0).field0).field0)+1) by 0
simpleValues.swift:25 var shoppingList = ["catfish", "water", "tulips", "blue paint"]
#0025:	 assign: tmp12 = (((((tmp7+3).field0).field0).field0)+2)
simpleValues.swift:25 var shoppingList = ["catfish", "water", "tulips", "blue paint"]
#0026:	 assign: *tmp12 = (tmp3.field0)
simpleValues.swift:25 var shoppingList = ["catfish", "water", "tulips", "blue paint"]
#0027:	 assign: tmp13 = tmp7
simpleValues.swift:25 var shoppingList = ["catfish", "water", "tulips", "blue paint"]
#0028:	 call: tmp14 = _TFSa20convertFromHeapArrayU__fMGSaQ__FTBp5ownerBo5countBw_GSaQ__(tmp13, tmp4, 4, (_TMdSS.field1))
simpleValues.swift:25 var shoppingList = ["catfish", "water", "tulips", "blue paint"]
#0029:	 call: tmp15 = _TFSaCU__fMGSaQ__Ft12arrayLiteralGSaQ___GSaQ__(tmp14, (_TMdSS.field1))
simpleValues.swift:25 var shoppingList = ["catfish", "water", "tulips", "blue paint"]
#0030:	 assign: tmp16 = (((tmp17.field0).field0).field0)
simpleValues.swift:25 var shoppingList = ["catfish", "water", "tulips", "blue paint"]
#0031:	 assign: *tmp16 = tmp15
simpleValues.swift:25 var shoppingList = ["catfish", "water", "tulips", "blue paint"]
#0032:	 call: tmp18 = _TFSSCfMSSFT21_builtinStringLiteralBp8byteSizeBw7isASCIIBi1__SS(global9, 15, -1)
simpleValues.swift:26 shoppingList[1] = "bottle of water"
#0033:	 noop: can't index (((tmp0.field0).field0).field0) by 0
simpleValues.swift:26 shoppingList[1] = "bottle of water"
#0034:	 noop: bad
simpleValues.swift:26 shoppingList[1] = "bottle of water"
#0035:	 noop: bad
simpleValues.swift:26 shoppingList[1] = "bottle of water"
#0036:	 assign: *tmp19 = (tmp18.field0)
simpleValues.swift:26 shoppingList[1] = "bottle of water"
#0037:	 assign: tmp20 = tmp21
simpleValues.swift:26 shoppingList[1] = "bottle of water"
#0038:	 call: tmp22 = _TMaGSaSS_()
simpleValues.swift:26 shoppingList[1] = "bottle of water"
#0039:	 call: _TFSas9subscriptFSiQ_(tmp20, 1, tmp17, tmp22)
simpleValues.swift:26 shoppingList[1] = "bottle of water"
#0040:	 call: tmp23 = _TFSSCfMSSFT21_builtinStringLiteralBp8byteSizeBw7isASCIIBi1__SS(global10, 7, -1)
simpleValues.swift:29 "Malcolm": "Captain",
#0041:	 call: tmp24 = _TFSSCfMSSFT21_builtinStringLiteralBp8byteSizeBw7isASCIIBi1__SS(global11, 7, -1)
simpleValues.swift:29 "Malcolm": "Captain",
#0042:	 call: tmp25 = _TFSSCfMSSFT21_builtinStringLiteralBp8byteSizeBw7isASCIIBi1__SS(global12, 6, -1)
simpleValues.swift:30 "Kaylee": "Mechanic",
#0043:	 call: tmp26 = _TFSSCfMSSFT21_builtinStringLiteralBp8byteSizeBw7isASCIIBi1__SS(global13, 8, -1)
simpleValues.swift:30 "Kaylee": "Mechanic",
#0044:	 call: tmp27 = swift_allocObject((metadata6.field2), 120, 7)
simpleValues.swift:28 var occupations = [
#0045:	 assign: tmp28 = (tmp27+1)
simpleValues.swift:28 var occupations = [
#0046:	 assign: *tmp28 = 2
simpleValues.swift:28 var occupations = [
#0047:	 assign: tmp29 = tmp27
simpleValues.swift:28 var occupations = [
#0048:	 assign: tmp30 = (tmp29+24)
simpleValues.swift:28 var occupations = [
#0049:	 assign: tmp31 = tmp30
simpleValues.swift:28 var occupations = [
#0050:	 call: llvm.memset.p0i8.i64(tmp31, 0, 96, 8, 0)
simpleValues.swift:28 var occupations = [
#0051:	 noop: can't index ((((tmp0.field0).field0).field0).field0) by 0
simpleValues.swift:28 var occupations = [
#0052:	 noop: can't index (((((tmp0.field0).field0).field0).field0)+1) by 0
simpleValues.swift:28 var occupations = [
#0053:	 assign: tmp32 = (((((tmp30.field0).field0).field0).field0)+2)
simpleValues.swift:28 var occupations = [
#0054:	 assign: *tmp32 = (tmp23.field0)
simpleValues.swift:28 var occupations = [
#0055:	 noop: can't index ((((tmp0.field1).field0).field0).field0) by 0
simpleValues.swift:28 var occupations = [
#0056:	 noop: can't index (((((tmp0.field1).field0).field0).field0)+1) by 0
simpleValues.swift:28 var occupations = [
#0057:	 assign: tmp33 = (((((tmp30.field1).field0).field0).field0)+2)
simpleValues.swift:28 var occupations = [
#0058:	 assign: *tmp33 = (tmp24.field0)
simpleValues.swift:28 var occupations = [
#0059:	 noop: can't index (((((tmp0+1).field0).field0).field0).field0) by 0
simpleValues.swift:28 var occupations = [
#0060:	 noop: can't index (((((tmp0+1).field0).field0).field0).field0) by 1
simpleValues.swift:28 var occupations = [
#0061:	 noop: can't index (((((tmp0+1).field0).field0).field0).field0) by 2
simpleValues.swift:28 var occupations = [
#0062:	 assign: *tmp34 = (tmp25.field0)
simpleValues.swift:28 var occupations = [
#0063:	 noop: bad
simpleValues.swift:28 var occupations = [
#0064:	 noop: bad
simpleValues.swift:28 var occupations = [
#0065:	 noop: bad
simpleValues.swift:28 var occupations = [
#0066:	 assign: *tmp35 = (tmp26.field0)
simpleValues.swift:28 var occupations = [
#0067:	 assign: tmp36 = tmp30
simpleValues.swift:28 var occupations = [
#0068:	 call: tmp37 = _TMaTSSSS_()
simpleValues.swift:28 var occupations = [
#0069:	 call: tmp38 = _TFSa20convertFromHeapArrayU__fMGSaQ__FTBp5ownerBo5countBw_GSaQ__(tmp36, tmp27, 2, tmp37)
simpleValues.swift:28 var occupations = [
#0070:	 call: tmp39 = _TFVSs10DictionaryCUSs8Hashable___fMGS_Q_Q0__Ft17dictionaryLiteralGSaTQ_Q0____GS_Q_Q0__(tmp38, (_TMdSS.field1), _TWPSSSs8Hashable, (_TMdSS.field1))
simpleValues.swift:28 var occupations = [
#0071:	 assign: tmp40 = (tmp41.field0)
simpleValues.swift:28 var occupations = [
#0072:	 assign: *tmp40 = tmp39
simpleValues.swift:28 var occupations = [
#0073:	 call: tmp42 = _TFSSCfMSSFT21_builtinStringLiteralBp8byteSizeBw7isASCIIBi1__SS(global14, 16, -1)
simpleValues.swift:32 occupations["Jayne"] = "Public Relations"
#0074:	 noop: opcode 'LLVMIntToPtr' not supported
simpleValues.swift:32 occupations["Jayne"] = "Public Relations"
#0075:	 noop: opcode 'LLVMIntToPtr' not supported
simpleValues.swift:32 occupations["Jayne"] = "Public Relations"
#0076:	 assign: tmp43 = tmp44
simpleValues.swift:32 occupations["Jayne"] = "Public Relations"
#0077:	 noop: can't index (((tmp0.field0).field0).field0) by 0
simpleValues.swift:32 occupations["Jayne"] = "Public Relations"
#0078:	 noop: bad
simpleValues.swift:32 occupations["Jayne"] = "Public Relations"
#0079:	 noop: bad
simpleValues.swift:32 occupations["Jayne"] = "Public Relations"
#0080:	 assign: *tmp45 = (tmp42.field0)
simpleValues.swift:32 occupations["Jayne"] = "Public Relations"
#0081:	 assign: tmp46 = (tmp44.field1)
simpleValues.swift:32 occupations["Jayne"] = "Public Relations"
#0082:	 assign: *tmp46 = 0
simpleValues.swift:32 occupations["Jayne"] = "Public Relations"
#0083:	 noop: opcode 'LLVMIntToPtr' not supported
simpleValues.swift:32 occupations["Jayne"] = "Public Relations"
#0084:	 noop: opcode 'LLVMIntToPtr' not supported
simpleValues.swift:32 occupations["Jayne"] = "Public Relations"
#0085:	 assign: tmp47 = tmp44
simpleValues.swift:32 occupations["Jayne"] = "Public Relations"
#0086:	 assign: tmp48 = (tmp44.field1)
simpleValues.swift:32 occupations["Jayne"] = "Public Relations"
#0087:	 call: tmp49 = _TFSSCfMSSFT21_builtinStringLiteralBp8byteSizeBw7isASCIIBi1__SS(global15, 5, -1)
simpleValues.swift:32 occupations["Jayne"] = "Public Relations"
#0088:	 noop: opcode 'LLVMIntToPtr' not supported
simpleValues.swift:32 occupations["Jayne"] = "Public Relations"
#0089:	 noop: opcode 'LLVMIntToPtr' not supported
simpleValues.swift:32 occupations["Jayne"] = "Public Relations"
#0090:	 assign: tmp50 = tmp51
simpleValues.swift:32 occupations["Jayne"] = "Public Relations"
#0091:	 assign: *tmp50 = *tmp47
simpleValues.swift:32 occupations["Jayne"] = "Public Relations"
#0092:	 assign: tmp52 = (tmp51.field1)
simpleValues.swift:32 occupations["Jayne"] = "Public Relations"
#0093:	 assign: *tmp52 = *tmp48
simpleValues.swift:32 occupations["Jayne"] = "Public Relations"
#0094:	 noop: can't index (((tmp0.field0).field0).field0) by 0
simpleValues.swift:32 occupations["Jayne"] = "Public Relations"
#0095:	 noop: bad
simpleValues.swift:32 occupations["Jayne"] = "Public Relations"
#0096:	 noop: bad
simpleValues.swift:32 occupations["Jayne"] = "Public Relations"
#0097:	 assign: *tmp53 = (tmp49.field0)
simpleValues.swift:32 occupations["Jayne"] = "Public Relations"
#0098:	 assign: tmp54 = tmp51
simpleValues.swift:32 occupations["Jayne"] = "Public Relations"
#0099:	 assign: tmp55 = tmp56
simpleValues.swift:32 occupations["Jayne"] = "Public Relations"
#0100:	 call: tmp57 = _TMaGVSs10DictionarySSSS_()
simpleValues.swift:32 occupations["Jayne"] = "Public Relations"
#0101:	 call: _TFVSs10Dictionarys9subscriptFQ_GSqQ0__(tmp54, tmp55, tmp41, tmp57)
simpleValues.swift:32 occupations["Jayne"] = "Public Relations"
#0102:	 noop: opcode 'LLVMIntToPtr' not supported
simpleValues.swift:32 occupations["Jayne"] = "Public Relations"
#0103:	 noop: opcode 'LLVMIntToPtr' not supported
simpleValues.swift:32 occupations["Jayne"] = "Public Relations"
#0104:	 call: tmp58 = _TFSaCU__fMGSaQ__FT_GSaQ__((_TMdSS.field1))
simpleValues.swift:34 let emptyArray = [String]()
#0105:	 assign: *tmp59 = tmp58
simpleValues.swift:34 let emptyArray = [String]()
#0106:	 call: tmp60 = _TFVSs10DictionaryCUSs8Hashable___fMGS_Q_Q0__FT_GS_Q_Q0__((_TMdSS.field1), _TWPSSSs8Hashable, (_TMdSf.field1))
simpleValues.swift:35 let emptyDictionary = [String: Float]()
#0107:	 assign: *tmp61 = tmp60
simpleValues.swift:35 let emptyDictionary = [String: Float]()
#0108:	 call: tmp62 = swift_allocObject((metadata8.field2), 24, 7)
simpleValues.swift:37 shoppingList = []
#0109:	 assign: tmp63 = (tmp62+1)
simpleValues.swift:37 shoppingList = []
#0110:	 assign: *tmp63 = 0
simpleValues.swift:37 shoppingList = []
#0111:	 assign: tmp64 = tmp62
simpleValues.swift:37 shoppingList = []
#0112:	 assign: tmp65 = (tmp64+24)
simpleValues.swift:37 shoppingList = []
#0113:	 assign: tmp66 = tmp65
simpleValues.swift:37 shoppingList = []
#0114:	 call: llvm.memset.p0i8.i64(tmp66, 0, 0, 8, 0)
simpleValues.swift:37 shoppingList = []
#0115:	 assign: tmp67 = tmp65
simpleValues.swift:37 shoppingList = []
#0116:	 call: tmp68 = _TFSa20convertFromHeapArrayU__fMGSaQ__FTBp5ownerBo5countBw_GSaQ__(tmp67, tmp62, 0, (_TMdSS.field1))
simpleValues.swift:37 shoppingList = []
#0117:	 call: tmp69 = _TFSaCU__fMGSaQ__Ft12arrayLiteralGSaQ___GSaQ__(tmp68, (_TMdSS.field1))
simpleValues.swift:37 shoppingList = []
#0118:	 assign: tmp70 = (((tmp17.field0).field0).field0)
simpleValues.swift:37 shoppingList = []
#0119:	 assign: tmp71 = (((tmp17.field0).field0).field0)
simpleValues.swift:37 shoppingList = []
#0120:	 assign: *tmp71 = tmp69
simpleValues.swift:37 shoppingList = []
#0121:	 noop: opcode 'LLVMIntToPtr' not supported
simpleValues.swift:37 shoppingList = []
#0122:	 noop: opcode 'LLVMIntToPtr' not supported
simpleValues.swift:37 shoppingList = []
#0123:	 call: tmp72 = swift_allocObject((metadata10.field2), 24, 7)
simpleValues.swift:38 occupations = [:]
#0124:	 assign: tmp73 = (tmp72+1)
simpleValues.swift:38 occupations = [:]
#0125:	 assign: *tmp73 = 0
simpleValues.swift:38 occupations = [:]
#0126:	 assign: tmp74 = tmp72
simpleValues.swift:38 occupations = [:]
#0127:	 assign: tmp75 = (tmp74+24)
simpleValues.swift:38 occupations = [:]
#0128:	 assign: tmp76 = tmp75
simpleValues.swift:38 occupations = [:]
#0129:	 call: llvm.memset.p0i8.i64(tmp76, 0, 0, 8, 0)
simpleValues.swift:38 occupations = [:]
#0130:	 assign: tmp77 = tmp75
simpleValues.swift:38 occupations = [:]
#0131:	 call: tmp78 = _TMaTSSSS_()
simpleValues.swift:38 occupations = [:]
#0132:	 call: tmp79 = _TFSa20convertFromHeapArrayU__fMGSaQ__FTBp5ownerBo5countBw_GSaQ__(tmp77, tmp72, 0, tmp78)
simpleValues.swift:38 occupations = [:]
#0133:	 call: tmp80 = _TFVSs10DictionaryCUSs8Hashable___fMGS_Q_Q0__Ft17dictionaryLiteralGSaTQ_Q0____GS_Q_Q0__(tmp79, (_TMdSS.field1), _TWPSSSs8Hashable, (_TMdSS.field1))
simpleValues.swift:38 occupations = [:]
#0134:	 assign: tmp81 = (tmp41.field0)
simpleValues.swift:38 occupations = [:]
#0135:	 assign: tmp82 = (tmp41.field0)
simpleValues.swift:38 occupations = [:]
#0136:	 assign: *tmp82 = tmp80
simpleValues.swift:38 occupations = [:]
#0137:	 noop: opcode 'LLVMLShr' not supported
simpleValues.swift:38 occupations = [:]
#0138:	 noop: opcode 'LLVMTrunc' not supported
simpleValues.swift:38 occupations = [:]
#0139:	 noop: opcode 'LLVMTrunc' not supported <exit>
simpleValues.swift:38 occupations = [:]

CFG: arraydestroy3
#0000:	 assign: tmp0 = (+1)
 - no source -
#0001:	 assign: tmp1 = 
 - no source -
#0002:	 assign: tmp2 = (tmp1+24)
 - no source -
#0003:	 assign: tmp3 = tmp2 == (tmp2+*tmp0)
 - no source -
#0004:	 if: tmp3 then #0005:	 else #0006:	
 - no source -
#0005:	 noop
 - no source -
#0007:	 assign: tmp4 = *tmp0 * 24
 - no source -
#0008:	 assign: tmp5 = tmp4 + 24
 - no source -
#0009:	 call: swift_deallocObject(, tmp5, 7) <exit>
 - no source -
#0006:	 noop
 - no source -
#0010:	 noop: opcode 'LLVMPHI' not supported
 - no source -
#0011:	 noop: opcode 'LLVMPHI' not supported
 - no source -
#0012:	 call: swift_unknownRelease(*tmp6)
 - no source -
#0013:	 noop: opcode 'LLVMPHI' not supported
 - no source -
#0014:	 if: tmp7 then #0005:	 else #0006:	
 - no source -

CFG: _TMaGSaSS_
#0000:	 assign: tmp0 = *_TMLGSaSS_ == null
 - no source -
#0001:	 if: tmp0 then #0002:	 else #0003:	
 - no source -
#0002:	 call: tmp1 = swift_getGenericMetadata1(_TMPdSa, (_TMdSS.field1))
 - no source -
#0004:	 assign: *_TMLGSaSS_ = tmp1
 - no source -
#0003:	 noop
 - no source -
#0005:	 noop: opcode 'LLVMPHI' not supported
 - no source -
#0006:	 noop: opcode 'LLVMRet' not supported <exit>
 - no source -

CFG: arraydestroy5
#0000:	 assign: tmp0 = (+1)
 - no source -
#0001:	 assign: tmp1 = 
 - no source -
#0002:	 assign: tmp2 = (tmp1+24)
 - no source -
#0003:	 assign: tmp3 = tmp2 == (tmp2+*tmp0)
 - no source -
#0004:	 if: tmp3 then #0005:	 else #0006:	
 - no source -
#0005:	 noop
 - no source -
#0007:	 assign: tmp4 = *tmp0 * 48
 - no source -
#0008:	 assign: tmp5 = tmp4 + 24
 - no source -
#0009:	 call: swift_deallocObject(, tmp5, 7) <exit>
 - no source -
#0006:	 noop
 - no source -
#0010:	 noop: opcode 'LLVMPHI' not supported
 - no source -
#0011:	 noop: opcode 'LLVMPHI' not supported
 - no source -
#0012:	 call: swift_unknownRelease(*tmp6)
 - no source -
#0013:	 noop: opcode 'LLVMPHI' not supported
 - no source -
#0014:	 call: swift_unknownRelease(*tmp7)
 - no source -
#0015:	 noop: opcode 'LLVMPHI' not supported
 - no source -
#0016:	 if: tmp8 then #0005:	 else #0006:	
 - no source -

CFG: _TMaTSSSS_
#0000:	 assign: tmp0 = *_TMLTSSSS_ == null
 - no source -
#0001:	 if: tmp0 then #0002:	 else #0003:	
 - no source -
#0002:	 call: tmp1 = swift_getTupleTypeMetadata2((_TMdSS.field1), (_TMdSS.field1), null, null)
 - no source -
#0004:	 assign: *_TMLTSSSS_ = tmp1
 - no source -
#0003:	 noop
 - no source -
#0005:	 noop: opcode 'LLVMPHI' not supported
 - no source -
#0006:	 noop: opcode 'LLVMRet' not supported <exit>
 - no source -

CFG: _TMaGVSs10DictionarySSSS_
#0000:	 assign: tmp0 = *_TMLGVSs10DictionarySSSS_ == null
 - no source -
#0001:	 if: tmp0 then #0002:	 else #0003:	
 - no source -
#0002:	 call: tmp1 = swift_getGenericMetadata3(_TMPdVSs10Dictionary, (_TMdSS.field1), (_TMdSS.field1), _TWPSSSs8Hashable)
 - no source -
#0004:	 assign: *_TMLGVSs10DictionarySSSS_ = tmp1
 - no source -
#0003:	 noop
 - no source -
#0005:	 noop: opcode 'LLVMPHI' not supported
 - no source -
#0006:	 noop: opcode 'LLVMRet' not supported <exit>
 - no source -

CFG: arraydestroy7
#0000:	 assign: tmp0 = (+1)
 - no source -
#0001:	 assign: tmp1 = 
 - no source -
#0002:	 assign: tmp2 = (tmp1+24)
 - no source -
#0003:	 assign: tmp3 = tmp2 == (tmp2+*tmp0)
 - no source -
#0004:	 if: tmp3 then #0005:	 else #0006:	
 - no source -
#0005:	 noop
 - no source -
#0007:	 assign: tmp4 = *tmp0 * 24
 - no source -
#0008:	 assign: tmp5 = tmp4 + 24
 - no source -
#0009:	 call: swift_deallocObject(, tmp5, 7) <exit>
 - no source -
#0006:	 noop
 - no source -
#0010:	 noop: opcode 'LLVMPHI' not supported
 - no source -
#0011:	 noop: opcode 'LLVMPHI' not supported
 - no source -
#0012:	 call: swift_unknownRelease(*tmp6)
 - no source -
#0013:	 noop: opcode 'LLVMPHI' not supported
 - no source -
#0014:	 if: tmp7 then #0005:	 else #0006:	
 - no source -

CFG: arraydestroy9
#0000:	 assign: tmp0 = (+1)
 - no source -
#0001:	 assign: tmp1 = 
 - no source -
#0002:	 assign: tmp2 = (tmp1+24)
 - no source -
#0003:	 assign: tmp3 = tmp2 == (tmp2+*tmp0)
 - no source -
#0004:	 if: tmp3 then #0005:	 else #0006:	
 - no source -
#0005:	 noop
 - no source -
#0007:	 assign: tmp4 = *tmp0 * 48
 - no source -
#0008:	 assign: tmp5 = tmp4 + 24
 - no source -
#0009:	 call: swift_deallocObject(, tmp5, 7) <exit>
 - no source -
#0006:	 noop
 - no source -
#0010:	 noop: opcode 'LLVMPHI' not supported
 - no source -
#0011:	 noop: opcode 'LLVMPHI' not supported
 - no source -
#0012:	 call: swift_unknownRelease(*tmp6)
 - no source -
#0013:	 noop: opcode 'LLVMPHI' not supported
 - no source -
#0014:	 call: swift_unknownRelease(*tmp7)
 - no source -
#0015:	 noop: opcode 'LLVMPHI' not supported
 - no source -
#0016:	 if: tmp8 then #0005:	 else #0006:	
 - no source -

CFG: main
#0000:	 call: tmp0 = _TFSsa6C_ARGCVSs5Int32()
 - no source -
#0001:	 assign: tmp1 = tmp0
 - no source -
#0002:	 assign: *tmp1 = argc
 - no source -
#0003:	 call: tmp2 = _TFSsa6C_ARGVGVSs20UnsafeMutablePointerGS_VSs4Int8__()
 - no source -
#0004:	 assign: tmp3 = tmp2
 - no source -
#0005:	 assign: *tmp3 = argv
 - no source -
#0006:	 call: top_level_code()
 - no source -
#0007:	 noop: opcode 'LLVMRet' not supported <exit>
 - no source -

CFG: <module init>
#0000:	 assign: *global16 = "The width is "
 - no source -
#0001:	 assign: *global17 = "I have "
 - no source -
#0002:	 assign: *global18 = " apples."
 - no source -
#0003:	 assign: *global19 = " pieces of fruit."
 - no source -
#0004:	 assign: *global20 = "catfish"
 - no source -
#0005:	 assign: *global21 = "water"
 - no source -
#0006:	 assign: *global22 = "tulips"
 - no source -
#0007:	 assign: *global23 = "blue paint"
 - no source -
#0008:	 assign: *global24 = "bottle of water"
 - no source -
#0009:	 assign: *_TMLGSaSS_ = null
 - no source -
#0010:	 assign: *global25 = "Malcolm"
 - no source -
#0011:	 assign: *global26 = "Captain"
 - no source -
#0012:	 assign: *global27 = "Kaylee"
 - no source -
#0013:	 assign: *global28 = "Mechanic"
 - no source -
#0014:	 assign: *_TMLTSSSS_ = null
 - no source -
#0015:	 assign: *global29 = "Public Relations"
 - no source -
#0016:	 assign: *global30 = "Jayne"
 - no source -
#0017:	 assign: *_TMLGVSs10DictionarySSSS_ = null
 - no source -
#0018:	 assign: **llvm.used = @_TF4main10testVarLetFT_T_
 - no source -
#0019:	 assign: *(*llvm.used+1) = @_TF4main20testImplicitExplicitFT_T_
 - no source -
#0020:	 assign: *(*llvm.used+2) = @_TF4main10testStringFT_T_
 - no source -
#0021:	 assign: *(*llvm.used+3) = @_TF4main22testArraysDictionariesFT_T_ <exit>
 - no source -

