CFG: takeAddress
#0000:	 assign: *FPTR = @function
functionPointers.c:6 FPTR = function;
#0001:	 assign: *FPTR = @function <exit>
functionPointers.c:7 FPTR = &function;

CFG: callFromPointer
#0000:	 call: *FPTR() <exit>
functionPointers.c:11 FPTR();

