CFG: acceptConstStructRef
#0000:	 assign: *tmp0 = str <exit>
 - no source -

