CFG: localAuto
#0000:	 assign: *tmp0 = 1 <exit>
lvalues.c:2 int a = 1;

CFG: localStatic
#0000:	 assign: *localStatic.a = 2 <exit>
lvalues.c:7 a = 2;

CFG: arrayElementAccess
#0000:	 noop: Can't parse LLVMArrayTypeKind
lvalues.c:13 ARRAY[0] = 1;
#0001:	 noop: Can't parse LLVMArrayTypeKind <exit>
lvalues.c:14 ARRAY[1] = 2;

CFG: arrayDeref
#0000:	 noop: Can't parse LLVMArrayTypeKind <exit>
lvalues.c:18 *ARRAY = 1;

CFG: ptrElementAccess
#0000:	 assign: **PTR = 1
lvalues.c:24 PTR[0] = 1;
#0001:	 assign: *(*PTR+1) = 2 <exit>
lvalues.c:25 PTR[1] = 2;

CFG: ptrDeref
#0000:	 assign: **PTR = 1 <exit>
lvalues.c:29 *PTR = 1;

CFG: structFieldAccess
#0000:	 assign: *(STRUCT.field) = 1 <exit>
lvalues.c:37 STRUCT.field = 1;

CFG: structPtrFieldAccess
#0000:	 assign: *(*PTR_STRUCT.field) = 1
lvalues.c:41 (*PTR_STRUCT).field = 1;
#0001:	 assign: *(*PTR_STRUCT.field) = 2 <exit>
lvalues.c:42 PTR_STRUCT->field = 2;

